xvideos.com
hqporner.com
attachments.f95zone.to
reddxxx.com
redgifs.com
xv-ru.com
pornhub.com
pornhub.org
phncdn.com
phncdn.com.sds.rncdn7.com
etahub.com
playboy.com
multporn.net
rule34.art
hentai-foundry.com
nhentai.com
nhentai.net
chaturbate.com
pornolab.net
xhamster.com
xhamsterlive.com
xhcdn.com
coomer.st
vipergirls.to
rentry.org
xnxx.com
xnxx.net
xnxx.tv
xnxx3.com
xnxx-cdn.com
xvideos-cdn.com
rule34.xxx
eporner.com
fansly.com
manyvids.com
hitomi.la
rule34.us
e-hentai.org
ukdevilz.com
theporndude.com
nude-moon.org
realbooru.com
freeones.com
notfans.com 
justfullporn.net 
pornhd.com 
pornslash.com 
cums.net 
www.porntrex.tv
www.porntrex.com
spankbang.com 
pornxp.com 
www.porn-w.org 
fapix.porn 
www.xxbrits.com 
xgroovy.com 
www.youporn.com 
pornone.com  
stasyq.com
www.stasyq.com
www.ptorrents.com
www.babepedia.com
www.elitebabes.com
www.xerotica.com
www.morazzia.com
pornzog.com
babesource.com
www.pornhat.com
hello.porn
tubesafari.com
www.perfectgirls.xxx
www.sexlikereal.com
max.porn
thothub.to
thothub.org
www.thothub.ch
www.porzo.com
pornditt.com
pornobae.com
www.pornpics.com
porno365.plus
porno365.bingo
porno365.sexy
ru.porno365.best
porn365.group
porn365.video
rusoska.com
www.yaeby.pro
www.porn4fans.com
trahkino.me
sex.batsa.pro
rt.youporn.com
redtube.com
sex-studentki.live
porno666.link
www.analgalore.com
erothots.co
thepornlinks.com
www.thepornlist.net
dirtyship.com
faphouse.com
pin.porn
www.pornflip.com
thepornguy.org
bigbuttshub.com
fapello.com
pornsites.com
simpcity.cr
influencersgonewild.com
porntn.com
www.erome.com
internetchicks.com
bitchesgirls.com
www.camwhores.tv
hornysimp.com
www.tiava.com
txxx.com
www.erosberry.com
niceporn.tv
www.eporner.video
viralxxxporn.com
nudostar.com
tubepleasure.com
www.superporn.com
hdhole.com
www.fuq.com
teenxy.com
www.naughtyamerica.com
www.tubegalore.com
onlybestporn.com
pornxp.tv
pornxp.cc
